Microchip MPLAB XC8 Compiler V2.50

Linker command line:

-W-3 \
  --edf=C:\Program Files\Microchip\xc8\v2.50\pic\dat\20240725155939_en.msgs \
  -cn -h+dist/default/production\Software.production.sym \
  --cmf=dist/default/production\Software.production.cmf -z -Q16F877A \
  -oC:\Users\Arthur\AppData\Local\Temp\xcAs3ck.\driver_tmp_3.o \
  --defsym=__MPLAB_BUILD=1 --fixupoverflow=error \
  -Mdist/default/production/Software.production.map \
  --md=C:\Users\Arthur\AppData\Local\Temp\xcAs3ck.\driver_tmp_0.dat -E1 \
  -ver=XC8 Compiler --acfsm=1493 -ACODE=00h-07FFhx4 -ASTRCODE=00h-01FFFh \
  -ASTRING=00h-0FFhx32 -ACONST=00h-0FFhx32 -AENTRY=00h-0FFhx32 \
  -ACOMMON=070h-07Fh -ABANK0=020h-06Fh -ABANK1=0A0h-0EFh \
  -ABANK2=0110h-016Fh -ABANK3=0190h-01EFh \
  -ARAM=020h-06Fh,0A0h-0EFh,0110h-016Fh,0190h-01EFh \
  -AABS1=020h-07Fh,0A0h-0EFh,0110h-016Fh,0190h-01EFh -ASFR0=00h-01Fh \
  -ASFR1=080h-09Fh -ASFR2=0100h-010Fh -ASFR3=0180h-018Fh \
  -ACONFIG=02007h-02007h -DCONFIG=2 -AIDLOC=02000h-02003h -DIDLOC=2 \
  -AEEDATA=00h-0FFh/02100h -peeprom_data=EEDATA -DEEDATA=2 -DCODE=2 \
  -DSTRCODE=2 -DSTRING=2 -DCONST=2 -DENTRY=2 \
  -preset_vec=00h,intentry=04h,sivt,init,end_init -ppowerup=CODE \
  -pcinit=CODE -pfunctab=ENTRY -k \
  C:\Users\Arthur\AppData\Local\Temp\xcAs3ck.\driver_tmp_17.o \
  dist/default/production\Software.production.o 

Object code version is 3.11

Machine type is 16F877A



                Name                               Link     Load   Length Selector   Space Scale
C:\Users\Arthur\AppData\Local\Temp\xcAs3ck.\driver_tmp_17.o
                end_init                              C        C        3        8       0
                reset_vec                             0        0        3        0       0
                config                             2007     2007        1        0       4
dist/default/production\Software.production.o
                cinit                                 F        F       36        8       0
                functab                              45       45        F       8A       0
                intentry                              4        4        8        8       0
                config                             2007     2007        1        0       4
                text52                              CE9      CE9       27     19D2       0
                text51                              B0A      B0A        D     1614       0
                text50                              C3B      C3B       22     1876       0
                text49                              BE1      BE1       1A     17C2       0
                text48                              6B5      6B5       5D      94E       0
                text47                              ACC      ACC        8     1598       0
                text46                              AD4      AD4        8     15A8       0
                text45                              B31      B31        E     1662       0
                text44                              B3F      B3F        E     167E       0
                text43                              D64      D64       2B     1AC8       0
                text42                              B17      B17        D     162E       0
                text41                              769      769       4E      94E       0
                text40                              DBA      DBA       35     1B74       0
                text39                              EE3      EE3       46     1DC6       0
                text38                              C1A      C1A       21     1834       0
                text37                              655      655       60      94E       0
                text36                              F29      F29       46     1E52       0
                text35                              5F2      5F2       63      94E       0
                text34                              712      712       57      94E       0
                text33                              B6C      B6C       13     16D8       0
                text32                                3        3        1        0       0
                text31                              2DA      2DA       A0       A8       0
                text30                              144      144       EF       A8       0
                text29                              C7F      C7F       23     18FE       0
                text28                              CA2      CA2       23     1944       0
                text27                              58D      58D       65      94E       0
                text26                              E9F      E9F       44     1D3E       0
                text25                              522      522       6B      94E       0
                text24                              E26      E26       3C     1C4C       0
                text23                              B4D      B4D        F     169A       0
                text22                              FB6      FB6       4A     1F6C       0
                text21                              CC5      CC5       24     198A       0
                text20                              B24      B24        D     1648       0
                text19                              37A      37A       99       A8       0
                text18                              7B7      7B7       48      94E       0
                text17                               54       54       F0       A8       0
                text16                              D10      D10       2A     1A20       0
                text15                              D3A      D3A       2A     1A74       0
                text14                              C5D      C5D       22     18BA       0
                text13                              BCC      BCC       15     1798       0
                text12                              B7F      B7F       13     16FE       0
                text11                              ADC      ADC        8     15B8       0
                text10                              B5C      B5C       10     16B8       0
                text9                               AF5      AF5        A     15EA       0
                text8                               4A7      4A7       7B      94E       0
                text7                               DEF      DEF       37     1BDE       0
                text6                               BB8      BB8       14     1770       0
                text5                               E62      E62       3D     1CC4       0
                text4                               F6F      F6F       47     1EDE       0
                text3                               B92      B92       13     1724       0
                text2                               D8F      D8F       2B     1B1E       0
                text1                               AFF      AFF        B     15FE       0
                maintext                            233      233       A7       A8       0
                cstackBANK0                          20       20       3C       20       1
                cstackCOMMON                         70       70        A       70       1
                clrtext                             AE4      AE4        8     15C8       0
                inittext                            BA5      BA5       13     174A       0
                dataBANK1                            C7       C7       1F       A0       1
                bssBANK1                             A0       A0       27       A0       1
                dataBANK0                            66       66        9       20       1
                bssBANK0                             5C       5C        A       20       1
                dataCOMMON                           7B       7B        1       70       1
                bitbssCOMMON                        3D0       7A        5       70       1     8
                strings                             413      413       94      826       0
                idataBANK1                          BFB      BFB       1F     17F6       0
                idataBANK0                          AEC      AEC        9     15D8       0
                idataCOMMON                         7FF      7FF        1      94E       0

TOTAL           Name                               Link     Load   Length     Space
        CLASS   CODE           
                end_init                              C        C        3         0
                cinit                                 F        F       36         0
                intentry                              4        4        8         0
                reset_vec                             0        0        3         0
                text52                              CE9      CE9       27         0
                text51                              B0A      B0A        D         0
                text50                              C3B      C3B       22         0
                text49                              BE1      BE1       1A         0
                text48                              6B5      6B5       5D         0
                text47                              ACC      ACC        8         0
                text46                              AD4      AD4        8         0
                text45                              B31      B31        E         0
                text44                              B3F      B3F        E         0
                text43                              D64      D64       2B         0
                text42                              B17      B17        D         0
                text41                              769      769       4E         0
                text40                              DBA      DBA       35         0
                text39                              EE3      EE3       46         0
                text38                              C1A      C1A       21         0
                text37                              655      655       60         0
                text36                              F29      F29       46         0
                text35                              5F2      5F2       63         0
                text34                              712      712       57         0
                text33                              B6C      B6C       13         0
                text32                                3        3        1         0
                text31                              2DA      2DA       A0         0
                text30                              144      144       EF         0
                text29                              C7F      C7F       23         0
                text28                              CA2      CA2       23         0
                text27                              58D      58D       65         0
                text26                              E9F      E9F       44         0
                text25                              522      522       6B         0
                text24                              E26      E26       3C         0
                text23                              B4D      B4D        F         0
                text22                              FB6      FB6       4A         0
                text21                              CC5      CC5       24         0
                text20                              B24      B24        D         0
                text19                              37A      37A       99         0
                text18                              7B7      7B7       48         0
                text17                               54       54       F0         0
                text16                              D10      D10       2A         0
                text15                              D3A      D3A       2A         0
                text14                              C5D      C5D       22         0
                text13                              BCC      BCC       15         0
                text12                              B7F      B7F       13         0
                text11                              ADC      ADC        8         0
                text10                              B5C      B5C       10         0
                text9                               AF5      AF5        A         0
                text8                               4A7      4A7       7B         0
                text7                               DEF      DEF       37         0
                text6                               BB8      BB8       14         0
                text5                               E62      E62       3D         0
                text4                               F6F      F6F       47         0
                text3                               B92      B92       13         0
                text2                               D8F      D8F       2B         0
                text1                               AFF      AFF        B         0
                maintext                            233      233       A7         0
                clrtext                             AE4      AE4        8         0
                inittext                            BA5      BA5       13         0
                idataBANK1                          BFB      BFB       1F         0
                idataBANK0                          AEC      AEC        9         0
                idataCOMMON                         7FF      7FF        1         0

        CLASS   STRCODE        

        CLASS   STRING         
                strings                             413      413       94         0

        CLASS   CONST          

        CLASS   ENTRY          
                functab                              45       45        F         0

        CLASS   COMMON         
                cstackCOMMON                         70       70        A         1
                dataCOMMON                           7B       7B        1         1
                bitbssCOMMON                        3D0       7A        5         1

        CLASS   BANK0          
                cstackBANK0                          20       20       3C         1
                dataBANK0                            66       66        9         1
                bssBANK0                             5C       5C        A         1

        CLASS   BANK1          
                dataBANK1                            C7       C7       1F         1
                bssBANK1                             A0       A0       27         1

        CLASS   BANK2          

        CLASS   BANK3          

        CLASS   RAM            

        CLASS   ABS1           
                abs_s1                               7E       7E        2         1

        CLASS   SFR0           

        CLASS   SFR1           

        CLASS   SFR2           

        CLASS   SFR3           

        CLASS   CONFIG         
                config                             2007     2007        1         4

        CLASS   IDLOC          

        CLASS   EEDATA         

        CLASS   HEAP           

        CLASS   STACK          



SEGMENTS        Name                           Load    Length   Top    Selector   Space  Class     Delta

                reset_vec                      000000  000004  000004         0       0  CODE        2
                intentry                       000004  000041  000045         8       0  CODE        2
                cstackBANK0                    000020  00004F  00006F        20       1  BANK0       1
                cstackCOMMON                   000070  00000C  00007C        70       1  COMMON      1
                functab                        000045  00000F  000054        8A       0  ENTRY       2
                bssBANK1                       0000A0  000046  0000E6        A0       1  BANK1       1
                text17                         000054  0003BF  000413        A8       0  CODE        2
                strings                        000413  000094  0004A7       826       0  STRING      2
                text8                          0004A7  000359  000800       94E       0  CODE        2
                text47                         000ACC  000008  000AD4      1598       0  CODE        2
                text46                         000AD4  000008  000ADC      15A8       0  CODE        2
                text11                         000ADC  000008  000AE4      15B8       0  CODE        2
                clrtext                        000AE4  000008  000AEC      15C8       0  CODE        2
                idataBANK0                     000AEC  000009  000AF5      15D8       0  CODE        2
                text9                          000AF5  00000A  000AFF      15EA       0  CODE        2
                text1                          000AFF  00000B  000B0A      15FE       0  CODE        2
                text51                         000B0A  00000D  000B17      1614       0  CODE        2
                text42                         000B17  00000D  000B24      162E       0  CODE        2
                text20                         000B24  00000D  000B31      1648       0  CODE        2
                text45                         000B31  00000E  000B3F      1662       0  CODE        2
                text44                         000B3F  00000E  000B4D      167E       0  CODE        2
                text23                         000B4D  00000F  000B5C      169A       0  CODE        2
                text10                         000B5C  000010  000B6C      16B8       0  CODE        2
                text33                         000B6C  000013  000B7F      16D8       0  CODE        2
                text12                         000B7F  000013  000B92      16FE       0  CODE        2
                text3                          000B92  000013  000BA5      1724       0  CODE        2
                inittext                       000BA5  000013  000BB8      174A       0  CODE        2
                text6                          000BB8  000014  000BCC      1770       0  CODE        2
                text13                         000BCC  000015  000BE1      1798       0  CODE        2
                text49                         000BE1  00001A  000BFB      17C2       0  CODE        2
                idataBANK1                     000BFB  00001F  000C1A      17F6       0  CODE        2
                text38                         000C1A  000021  000C3B      1834       0  CODE        2
                text50                         000C3B  000022  000C5D      1876       0  CODE        2
                text14                         000C5D  000022  000C7F      18BA       0  CODE        2
                text29                         000C7F  000023  000CA2      18FE       0  CODE        2
                text28                         000CA2  000023  000CC5      1944       0  CODE        2
                text21                         000CC5  000024  000CE9      198A       0  CODE        2
                text52                         000CE9  000027  000D10      19D2       0  CODE        2
                text16                         000D10  00002A  000D3A      1A20       0  CODE        2
                text15                         000D3A  00002A  000D64      1A74       0  CODE        2
                text43                         000D64  00002B  000D8F      1AC8       0  CODE        2
                text2                          000D8F  00002B  000DBA      1B1E       0  CODE        2
                text40                         000DBA  000035  000DEF      1B74       0  CODE        2
                text7                          000DEF  000037  000E26      1BDE       0  CODE        2
                text24                         000E26  00003C  000E62      1C4C       0  CODE        2
                text5                          000E62  00003D  000E9F      1CC4       0  CODE        2
                text26                         000E9F  000044  000EE3      1D3E       0  CODE        2
                text39                         000EE3  000046  000F29      1DC6       0  CODE        2
                text36                         000F29  000046  000F6F      1E52       0  CODE        2
                text4                          000F6F  000047  000FB6      1EDE       0  CODE        2
                text22                         000FB6  00004A  001000      1F6C       0  CODE        2


UNUSED ADDRESS RANGES

        Name                Unused          Largest block    Delta
        BANK0            006F-006F              1           1
        BANK1            00E6-00EF              A           1
        BANK2            0110-016F             60           1
        BANK3            0190-01EF             60           1
        CODE             0800-0ACB            2CC           2
                         1000-1FFF            800
        COMMON           007C-007D              2           1
        CONST            0800-0ACB            100           2
                         1000-1FFF            100
        EEDATA           2100-21FF            100           2
        ENTRY            0800-0ACB            100           2
                         1000-1FFF            100
        IDLOC            2000-2003              4           2
        RAM              006F-006F              1           1
                         00E6-00EF              A
                         0110-016F             60
                         0190-01EF             60
        SFR0             0000-001F             20           1
        SFR1             0080-009F             20           1
        SFR2             0100-010F             10           1
        SFR3             0180-018F             10           1
        STRCODE          0800-0ACB            2CC           2
                         1000-1FFF           1000
        STRING           0800-0ACB            100           2
                         1000-1FFF            100

                                  Symbol Table

?_ADC_Read                         cstackCOMMON 0072
?___aldiv                          cstackBANK0  0025
?___awdiv                          cstackCOMMON 0072
?___awmod                          cstackCOMMON 0072
?___lmul                           cstackCOMMON 0072
?_abs                              cstackCOMMON 0078
?_map                              cstackBANK0  0034
?_sprintf                          cstackBANK0  003B
?_vfprintf                         cstackBANK0  0036
ADC_Read@channel                   cstackCOMMON 0075
Lcd_Cmd@a                          cstackCOMMON 0075
Lcd_Port@a                         cstackCOMMON 0072
Lcd_Set_Cursor@a                   cstackBANK0  0020
Lcd_Set_Cursor@b                   cstackCOMMON 0076
Lcd_Set_Cursor@temp                cstackBANK0  0023
Lcd_Set_Cursor@y                   cstackBANK0  0022
Lcd_Set_Cursor@z                   cstackBANK0  0021
Lcd_Write_Char@a                   cstackCOMMON 0076
Lcd_Write_Char@temp                cstackCOMMON 0074
Lcd_Write_Char@y                   cstackCOMMON 0075
Lcd_Write_String@a                 cstackCOMMON 0077
Lcd_Write_String@i                 cstackBANK0  0023
_ADCON0bits                        (abs)        001F
_ADCON1bits                        (abs)        009F
_ADC_Read                          text21       0CC5
_ADC_init                          text51       0B0A
_ADC_readAll                       text10       0B5C
_ADRESH                            (abs)        001E
_ADRESL                            (abs)        009E
_INTCONbits                        (abs)        000B
_IrrigationStateString             dataBANK1    00CB
_Lcd_Clear                         text42       0B17
_Lcd_Cmd                           text49       0BE1
_Lcd_Init                          text48       06B5
_Lcd_Port                          text50       0C3B
_Lcd_Set_Cursor                    text41       0769
_Lcd_Write_Char                    text40       0DBA
_Lcd_Write_String                  text39       0EE3
_OPTION_REGbits                    (abs)        0081
_PIE1bits                          (abs)        008C
_PIR1bits                          (abs)        000C
_PORTBbits                         (abs)        0006
_PORTCbits                         (abs)        0007
_RD2                               (abs)        0042
_RD3                               (abs)        0043
_RD4                               (abs)        0044
_RD5                               (abs)        0045
_RD6                               (abs)        0046
_RD7                               (abs)        0047
_T1CONbits                         (abs)        0010
_TMR1H                             (abs)        000F
_TMR1L                             (abs)        000E
_TRISA                             (abs)        0085
_TRISB                             (abs)        0086
_TRISC                             (abs)        0087
_TRISCbits                         (abs)        0087
_TRISD                             (abs)        0088
_TankStateString                   dataBANK1    00C7
_WDT_init                          text47       0ACC
__BbitbssCOMMON                    bitbssCOMMON 00A8
__H__absolute__                    __absolute__ 0000
__Habs1                            abs1         00A8
__Hbank0                           bank0        00A8
__Hbank1                           bank1        00A8
__Hbank2                           bank2        00A8
__Hbank3                           bank3        00A8
__HbitbssCOMMON                    bitbssCOMMON 0540
__HbssBANK0                        bssBANK0     00A8
__HbssBANK1                        bssBANK1     00A8
__Hcinit                           cinit        0045
__Hclrtext                         clrtext      00A8
__Hcode                            code         00A8
__Hcommon                          common       00A8
__Hconfig                          config       2008
__HcstackBANK0                     cstackBANK0  00A8
__HcstackCOMMON                    cstackCOMMON 00A8
__HdataBANK0                       dataBANK0    00A8
__HdataBANK1                       dataBANK1    00A8
__HdataCOMMON                      dataCOMMON   00A8
__Heeprom_data                     eeprom_data  0000
__Hend_init                        end_init     000F
__Hfunctab                         functab      0054
__Hheap                            heap         00A8
__HidataBANK0                      idataBANK0   00A8
__HidataBANK1                      idataBANK1   00A8
__HidataCOMMON                     idataCOMMON  00A8
__Hinit                            init         000C
__Hinittext                        inittext     00A8
__Hintentry                        intentry     000C
__Hmaintext                        maintext     00A8
__Hpowerup                         powerup      0000
__Hram                             ram          00A8
__Hreset_vec                       reset_vec    0003
__Hsfr0                            sfr0         00A8
__Hsfr1                            sfr1         00A8
__Hsfr2                            sfr2         00A8
__Hsfr3                            sfr3         00A8
__Hsivt                            sivt         000C
__Hspace_0                         (abs)        1000
__Hspace_1                         (abs)        03D5
__Hspace_2                         (abs)        00A8
__Hspace_3                         (abs)        0000
__Hspace_4                         (abs)        400F
__Hstack                           stack        00A8
__Hstrings                         strings      00A8
__Htext                            text         00A8
__L__absolute__                    __absolute__ 0000
__Labs1                            abs1         00A8
__Lbank0                           bank0        00A8
__Lbank1                           bank1        00A8
__Lbank2                           bank2        00A8
__Lbank3                           bank3        00A8
__LbitbssCOMMON                    bitbssCOMMON 0540
__LbssBANK0                        bssBANK0     00A8
__LbssBANK1                        bssBANK1     00A8
__Lcinit                           cinit        000F
__Lclrtext                         clrtext      00A8
__Lcode                            code         00A8
__Lcommon                          common       00A8
__Lconfig                          config       0000
__LcstackBANK0                     cstackBANK0  00A8
__LcstackCOMMON                    cstackCOMMON 00A8
__LdataBANK0                       dataBANK0    00A8
__LdataBANK1                       dataBANK1    00A8
__LdataCOMMON                      dataCOMMON   00A8
__Leeprom_data                     eeprom_data  0000
__Lend_init                        end_init     000C
__Lfunctab                         functab      0045
__Lheap                            heap         00A8
__LidataBANK0                      idataBANK0   00A8
__LidataBANK1                      idataBANK1   00A8
__LidataCOMMON                     idataCOMMON  00A8
__Linit                            init         000C
__Linittext                        inittext     00A8
__Lintentry                        intentry     0004
__Lmaintext                        maintext     00A8
__Lpowerup                         powerup      0000
__Lram                             ram          00A8
__Lreset_vec                       reset_vec    0000
__Lsfr0                            sfr0         00A8
__Lsfr1                            sfr1         00A8
__Lsfr2                            sfr2         00A8
__Lsfr3                            sfr3         00A8
__Lsivt                            sivt         000C
__Lspace_0                         (abs)        0000
__Lspace_1                         (abs)        0000
__Lspace_2                         (abs)        0000
__Lspace_3                         (abs)        0000
__Lspace_4                         (abs)        0000
__Lstack                           stack        00A8
__Lstrings                         strings      00A8
__Ltext                            text         00A8
__S0                               (abs)        1000
__S1                               (abs)        00E6
__S3                               (abs)        0000
___aldiv                           text19       037A
___aldiv@counter                   cstackBANK0  002E
___aldiv@dividend                  cstackBANK0  0029
___aldiv@divisor                   cstackBANK0  0025
___aldiv@quotient                  cstackBANK0  0030
___aldiv@sign                      cstackBANK0  002F
___awdiv                           text35       05F2
___awdiv@counter                   cstackCOMMON 0076
___awdiv@dividend                  cstackCOMMON 0074
___awdiv@divisor                   cstackCOMMON 0072
___awdiv@quotient                  cstackCOMMON 0078
___awdiv@sign                      cstackCOMMON 0077
___awmod                           text34       0712
___awmod@counter                   cstackCOMMON 0076
___awmod@dividend                  cstackCOMMON 0074
___awmod@divisor                   cstackCOMMON 0072
___awmod@sign                      cstackCOMMON 0077
___heap_hi                         (abs)        0000
___heap_lo                         (abs)        0000
___int_sp                          stack        00A8
___int_stack_hi                    stack        00A8
___int_stack_lo                    stack        00A8
___latbits                         (abs)        0002
___lmul                            text18       07B7
___lmul@multiplicand               cstackCOMMON 0076
___lmul@multiplier                 cstackCOMMON 0072
___lmul@product                    cstackBANK0  0021
___sp                              stack        00A8
___stack_hi                        stack        00A8
___stack_lo                        stack        00A8
___stackhi                         (abs)        0000
___stacklo                         (abs)        0000
__end_of_ADC_Read                  text21       0CE9
__end_of_ADC_init                  text51       0B17
__end_of_ADC_readAll               text10       0B6C
__end_of_Lcd_Clear                 text42       0B24
__end_of_Lcd_Cmd                   text49       0BFB
__end_of_Lcd_Init                  text48       0712
__end_of_Lcd_Port                  text50       0C5D
__end_of_Lcd_Set_Cursor            text41       07B7
__end_of_Lcd_Write_Char            text40       0DEF
__end_of_Lcd_Write_String          text39       0F29
__end_of_WDT_init                  text47       0AD4
__end_of___aldiv                   text19       0413
__end_of___awdiv                   text35       0655
__end_of___awmod                   text34       0769
__end_of___lmul                    text18       07FF
__end_of__fptable                  functab      0054
__end_of__initialization           cinit        0041
__end_of__stringtab                strings      0423
__end_of_abs                       text33       0B7F
__end_of_check_TankStatus          text4        0FB6
__end_of_draw_Index                text38       0C3B
__end_of_fputc                     text31       037A
__end_of_interrupt_IRRIG_timeout   text9        0AFF
__end_of_interrupt_WTANK_timeout   text11       0AE4
__end_of_interruptionHandler       text52       0D10
__end_of_interruption_init         text46       0ADC
__end_of_lcd_debounceButtons       text43       0D8F
__end_of_lcd_run                   text24       0E62
__end_of_lcd_turnLeft              text45       0B3F
__end_of_lcd_turnRight             text44       0B4D
__end_of_main                      maintext     02DA
__end_of_map                       text17       0144
__end_of_pins_init                 text23       0B5C
__end_of_print_ArtificialLight     text37       06B5
__end_of_print_Emergency           text22       1000
__end_of_print_Irrigation          text36       0F6F
__end_of_print_SoilMoisture        text27       05F2
__end_of_print_TankState           text26       0EE3
__end_of_print_Temperature         text25       058D
__end_of_putch                     text32       0004
__end_of_readLight                 text20       0B31
__end_of_readSoilMoisture          text16       0D3A
__end_of_readTemperature           text15       0D64
__end_of_runTimer                  text8        0522
__end_of_run_IrrigationLogic       text5        0E9F
__end_of_run_waterTankLogic        text2        0DBA
__end_of_sprintf                   text28       0CC5
__end_of_startFilling              text3        0BA5
__end_of_startIrrigation           text6        0BCC
__end_of_startTimer                text7        0E26
__end_of_stopFilling               text12       0B92
__end_of_stopIrrigation            text13       0BE1
__end_of_stopTimer                 text14       0C7F
__end_of_timer1_1ms_init           text1        0B0A
__end_of_vfpfcnvrt                 text30       0233
__end_of_vfprintf                  text29       0CA2
__fptable                          functab      0045
__initialization                   cinit        000F
__pbitbssCOMMON                    bitbssCOMMON 03D0
__pbssBANK0                        bssBANK0     005C
__pbssBANK1                        bssBANK1     00A0
__pcstackBANK0                     cstackBANK0  0020
__pcstackCOMMON                    cstackCOMMON 0070
__pdataBANK0                       dataBANK0    0066
__pdataBANK1                       dataBANK1    00C7
__pdataCOMMON                      dataCOMMON   007B
__pfunctab                         functab      0045
__pidataBANK0                      idataBANK0   0AEC
__pidataBANK1                      idataBANK1   0BFB
__pidataCOMMON                     idataCOMMON  07FF
__pintentry                        intentry     0004
__pmaintext                        maintext     0233
__pstrings                         strings      0413
__ptext1                           text1        0AFF
__ptext10                          text10       0B5C
__ptext11                          text11       0ADC
__ptext12                          text12       0B7F
__ptext13                          text13       0BCC
__ptext14                          text14       0C5D
__ptext15                          text15       0D3A
__ptext16                          text16       0D10
__ptext17                          text17       0054
__ptext18                          text18       07B7
__ptext19                          text19       037A
__ptext2                           text2        0D8F
__ptext20                          text20       0B24
__ptext21                          text21       0CC5
__ptext22                          text22       0FB6
__ptext23                          text23       0B4D
__ptext24                          text24       0E26
__ptext25                          text25       0522
__ptext26                          text26       0E9F
__ptext27                          text27       058D
__ptext28                          text28       0CA2
__ptext29                          text29       0C7F
__ptext3                           text3        0B92
__ptext30                          text30       0144
__ptext31                          text31       02DA
__ptext32                          text32       0003
__ptext33                          text33       0B6C
__ptext34                          text34       0712
__ptext35                          text35       05F2
__ptext36                          text36       0F29
__ptext37                          text37       0655
__ptext38                          text38       0C1A
__ptext39                          text39       0EE3
__ptext4                           text4        0F6F
__ptext40                          text40       0DBA
__ptext41                          text41       0769
__ptext42                          text42       0B17
__ptext43                          text43       0D64
__ptext44                          text44       0B3F
__ptext45                          text45       0B31
__ptext46                          text46       0AD4
__ptext47                          text47       0ACC
__ptext48                          text48       06B5
__ptext49                          text49       0BE1
__ptext5                           text5        0E62
__ptext50                          text50       0C3B
__ptext51                          text51       0B0A
__ptext52                          text52       0CE9
__ptext6                           text6        0BB8
__ptext7                           text7        0DEF
__ptext8                           text8        04A7
__ptext9                           text9        0AF5
__size_of__fptable                 (abs)        0000
__stringbase                       strings      0422
__stringtab                        strings      0413
_abs                               text33       0B6C
_check_TankStatus                  text4        0F6F
_dbuf                              bssBANK1     00A0
_draw_Index                        text38       0C1A
_flag_emergencyButton              bitbssCOMMON 03D2
_flags                             bssBANK0     0064
_fputc                             text31       02DA
_interrupt_IRRIG_timeout           text9        0AF5
_interrupt_WTANK_timeout           text11       0ADC
_interruptionHandler               text52       0CE9
_interruption_init                 text46       0AD4
_irrigationState                   dataBANK0    006D
_isFilling                         bitbssCOMMON 03D1
_isIrrigating                      bitbssCOMMON 03D0
_lastIrrigationState               dataBANK0    006C
_lastLeftButtonState               dataBANK0    0069
_lastRightButtonState              dataBANK0    0068
_lastTankState                     dataBANK0    006E
_lcd_debounceButtons               text43       0D64
_lcd_index                         dataBANK0    006A
_lcd_lastIndex                     bssBANK0     0065
_lcd_run                           text24       0E26
_lcd_turnLeft                      text45       0B31
_lcd_turnRight                     text44       0B3F
_light                             bssBANK0     005E
_main                              maintext     0233
_map                               text17       0054
_old_light                         dataBANK1    00CE
_old_soilMoisture                  dataBANK1    00D2
_old_temperature                   dataBANK1    00D0
_pins_init                         text23       0B4D
_prec                              bssBANK1     00C5
_print_ArtificialLight             text37       0655
_print_Emergency                   text22       0FB6
_print_Irrigation                  text36       0F29
_print_SoilMoisture                text27       058D
_print_TankState                   text26       0E9F
_print_Temperature                 text25       0522
_putch                             text32       0003
_readLight                         text20       0B24
_readSoilMoisture                  text16       0D10
_readTemperature                   text15       0D3A
_runTimer                          text8        04A7
_run_IrrigationLogic               text5        0E62
_run_waterTankLogic                text2        0D8F
_soilMoisture                      bssBANK0     0062
_sprintf                           text28       0CA2
_startFilling                      text3        0B92
_startIrrigation                   text6        0BB8
_startTimer                        text7        0DEF
_stopFilling                       text12       0B7F
_stopIrrigation                    text13       0BCC
_stopTimer                         text14       0C5D
_tankState                         dataCOMMON   007B
_temperature                       bssBANK0     0060
_timer1_1ms_init                   text1        0AFF
_timerCounter                      bssBANK0     005C
_timer_ADCReadAll                  dataBANK1    00D4
_timer_IRRIG_Timeout               dataBANK1    00DA
_timer_WTANK_Timeout               dataBANK1    00E0
_vfpfcnvrt                         text30       0144
_vfprintf                          text29       0C7F
_width                             bssBANK1     00C3
abs@a                              cstackCOMMON 0078
btemp                              (abs)        007E
check_TankStatus@bot               cstackCOMMON 0074
check_TankStatus@top               cstackCOMMON 0073
clear_ram0                         clrtext      0AE4
draw_Index@temp_index              cstackBANK0  0025
end_of_initialization              cinit        0041
entry__ADC_readAll                 functab      004E
fpbase                             functab      004A
fptable                            functab      0045
fptotal                            (abs)        0006
fputc@c                            cstackCOMMON 0072
fputc@fp                           cstackCOMMON 0074
init_fetch0                        inittext     0BA5
init_ram0                          inittext     0BA9
interrupt_function                 intentry     0004
intlevel0                          functab      0045
intlevel1                          functab      0045
intlevel2                          functab      0045
intlevel3                          functab      0045
intlevel4                          functab      0045
intlevel5                          functab      0045
map@delta                          cstackBANK0  004A
map@in_max                         cstackBANK0  0038
map@in_min                         cstackBANK0  0036
map@out_max                        cstackBANK0  003C
map@out_min                        cstackBANK0  003A
map@rise                           cstackBANK0  0046
map@run                            cstackBANK0  004E
map@x                              cstackBANK0  0034
pins_init@_TRISA                   cstackCOMMON 0075
pins_init@_TRISB                   cstackCOMMON 0072
pins_init@_TRISC                   cstackCOMMON 0073
pins_init@_TRISD                   cstackCOMMON 0074
print_SoilMoisture@buffer          cstackBANK0  004C
print_Temperature@buffer           cstackBANK0  004C
reset_vec                          reset_vec    0000
runTimer@elapsedTime               cstackBANK0  0058
runTimer@timer                     cstackBANK0  0052
run_IrrigationLogic@sMoistureValue cstackCOMMON 0076
saved_w                            (abs)        007E
sprintf@ap                         cstackBANK0  0040
sprintf@f                          cstackBANK0  0041
sprintf@fmt                        cstackBANK0  003C
sprintf@s                          cstackBANK0  003B
start                              init         000C
startTimer@timer                   cstackCOMMON 0072
start_initialization               cinit        000F
stopTimer@timer                    cstackCOMMON 0072
vfpfcnvrt@ap                       cstackBANK0  002C
vfpfcnvrt@c                        cstackBANK0  0035
vfpfcnvrt@convarg                  cstackBANK0  0031
vfpfcnvrt@cp                       cstackBANK0  0030
vfpfcnvrt@done                     cstackBANK0  002F
vfpfcnvrt@fmt                      cstackBANK0  002B
vfpfcnvrt@fp                       cstackBANK0  0029
vfprintf@ap                        cstackBANK0  0039
vfprintf@cfmt                      cstackBANK0  003A
vfprintf@fmt                       cstackBANK0  0038
vfprintf@fp                        cstackBANK0  0036
wtemp0                             (abs)        007E


MODULE INFORMATION

Module		Function		Class		Link	Load	Size
./config.h
		_readSoilMoisture		CODE           	0D10	0000	42
		_map           		CODE           	0054	0000	240
		_pins_init     		CODE           	0B4D	0000	15
		_readLight     		CODE           	0B24	0000	13
		_timer1_1ms_init		CODE           	0AFF	0000	11
		_WDT_init      		CODE           	0ACC	0000	8
		_ADC_readAll   		CODE           	0B5C	0000	16
		_ADC_init      		CODE           	0B0A	0000	13
		_ADC_Read      		CODE           	0CC5	0000	36
		_interruption_init		CODE           	0AD4	0000	8
		_readTemperature		CODE           	0D3A	0000	42

./config.h estimated size: 444

./lcd.h
		_Lcd_Write_String		CODE           	0EE3	0000	70
		_Lcd_Init      		CODE           	06B5	0000	93
		_Lcd_Write_Char		CODE           	0DBA	0000	53
		_Lcd_Cmd       		CODE           	0BE1	0000	26
		_Lcd_Set_Cursor		CODE           	0769	0000	78
		_Lcd_Clear     		CODE           	0B17	0000	13
		_Lcd_Port      		CODE           	0C3B	0000	34

./lcd.h estimated size: 367

C:\Program Files\Microchip\xc8\v2.50\pic\sources\c99\common\awmod.c
		___awmod       		CODE           	0712	0000	87

C:\Program Files\Microchip\xc8\v2.50\pic\sources\c99\common\awmod.c estimated size: 87

C:\Program Files\Microchip\xc8\v2.50\pic\sources\c99\common\putch.c
		_putch         		CODE           	0003	0000	1

C:\Program Files\Microchip\xc8\v2.50\pic\sources\c99\common\putch.c estimated size: 1

C:\Program Files\Microchip\xc8\v2.50\pic\sources\c99\common\Umul32.c
		___lmul        		CODE           	07B7	0000	72

C:\Program Files\Microchip\xc8\v2.50\pic\sources\c99\common\Umul32.c estimated size: 72

C:\Program Files\Microchip\xc8\v2.50\pic\sources\c99\common\abs.c
		_abs           		CODE           	0B6C	0000	19

C:\Program Files\Microchip\xc8\v2.50\pic\sources\c99\common\abs.c estimated size: 19

waterTankManager.c
		_startFilling  		CODE           	0B92	0000	19
		_check_TankStatus		CODE           	0F6F	0000	71
		_interrupt_WTANK_timeout		CODE           	0ADC	0000	8
		_stopFilling   		CODE           	0B7F	0000	19
		_run_waterTankLogic		CODE           	0D8F	0000	43

waterTankManager.c estimated size: 160

C:\Program Files\Microchip\xc8\v2.50\pic\sources\c99\common\nf_sprintf.c
		_sprintf       		CODE           	0CA2	0000	35

C:\Program Files\Microchip\xc8\v2.50\pic\sources\c99\common\nf_sprintf.c estimated size: 35

C:\Program Files\Microchip\xc8\v2.50\pic\sources\c99\common\nf_fputc.c
		_fputc         		CODE           	02DA	0000	160

C:\Program Files\Microchip\xc8\v2.50\pic\sources\c99\common\nf_fputc.c estimated size: 160

shared
		__stringtab    		STRING         	0413	0000	16
		__initialization		CODE           	000F	0000	50
		__fptable      		ENTRY          	0045	0000	15

shared estimated size: 81

virtualTimer.c
		_stopTimer     		CODE           	0C5D	0000	34
		_runTimer      		CODE           	04A7	0000	123
		_startTimer    		CODE           	0DEF	0000	55

virtualTimer.c estimated size: 212

C:\Program Files\Microchip\xc8\v2.50\pic\sources\c99\common\awdiv.c
		___awdiv       		CODE           	05F2	0000	99

C:\Program Files\Microchip\xc8\v2.50\pic\sources\c99\common\awdiv.c estimated size: 99

./lcdFunctions.h
		_print_SoilMoisture		CODE           	058D	0000	101
		_draw_Index    		CODE           	0C1A	0000	33
		_lcd_run       		CODE           	0E26	0000	60
		_print_Emergency		CODE           	0FB6	0000	74
		_print_Temperature		CODE           	0522	0000	107
		_lcd_turnLeft  		CODE           	0B31	0000	14
		_print_ArtificialLight		CODE           	0655	0000	96
		_lcd_turnRight 		CODE           	0B3F	0000	14
		_print_TankState		CODE           	0E9F	0000	68
		_print_Irrigation		CODE           	0F29	0000	70
		_lcd_debounceButtons		CODE           	0D64	0000	43

./lcdFunctions.h estimated size: 680

C:\Program Files\Microchip\xc8\v2.50\pic\sources\c99\common\doprnt.c
		_vfpfcnvrt     		CODE           	0144	0000	239
		_vfprintf      		CODE           	0C7F	0000	35

C:\Program Files\Microchip\xc8\v2.50\pic\sources\c99\common\doprnt.c estimated size: 274

C:\Program Files\Microchip\xc8\v2.50\pic\sources\c99\common\aldiv.c
		___aldiv       		CODE           	037A	0000	153

C:\Program Files\Microchip\xc8\v2.50\pic\sources\c99\common\aldiv.c estimated size: 153

irrigation.c
		_interrupt_IRRIG_timeout		CODE           	0AF5	0000	10
		_run_IrrigationLogic		CODE           	0E62	0000	61
		_stopIrrigation		CODE           	0BCC	0000	21
		_startIrrigation		CODE           	0BB8	0000	20

irrigation.c estimated size: 112

main.c
		_main          		CODE           	0233	0000	167
		_interruptionHandler		CODE           	0CE9	0000	39

main.c estimated size: 206

